// Jest Snapshot v1, https://goo.gl/fbAQLP

exports[`given Board component should match the snapshot 1`] = `
<div
  className="game"
>
  <Board
    board={Array []}
    boardWidth={0}
    disabled={true}
  />
  <ModalInfo
    key="start"
  >
    <Button
      onClick={[Function]}
    >
      Start
    </Button>
  </ModalInfo>
</div>
`;
