// Jest Snapshot v1, https://goo.gl/fbAQLP

exports[`given GameContainer component should match the snapshot 1`] = `
<div
  className="game"
>
  <React.Fragment>
    <Board
      board={Array []}
      boardWidth={614.4000000000001}
      disabled={true}
    />
    <ModalInfo>
      <Button
        onClick={[Function]}
      >
        Start
      </Button>
    </ModalInfo>
  </React.Fragment>
</div>
`;
